// Jest Snapshot v1, https://goo.gl/fbAQLP

exports[`Pruebas en <App /> Debe de mostrar el t√≠tulo en un H1 1`] = `
<div>
  <h1
    data-testid="test-title"
  >
     
    Hello World
     
  </h1>
  <p>
    There's no subtitle
  </p>
  <p>
    There's no subtitle
  </p>
  <p>
    No name
  </p>
</div>
`;
